Archive member included because of file (symbol)

c:/MWSDK/Wks_TWELITE/TX-Time/../../TWENET/L1200/lib/libTWENET_RED.a(ToCoNet_event.o)
                              objs_RED/Main.o (symbol from plugin) (PRSEV_u8Register)
c:/MWSDK/Wks_TWELITE/TX-Time/../../TWENET/L1200/lib/libTWENET_RED.a(ToCoNet_main.o)
                              objs_RED/Main.o (symbol from plugin) (u32TickCount_ms)
c:/MWSDK/Wks_TWELITE/TX-Time/../../TWENET/L1200/lib/libTWENET_RED.a(ToCoNet_utils.o)
                              ToCoNet_main.o (symbol from plugin) (ToCoNet_u32GetVersion)
c:/MWSDK/Wks_TWELITE/TX-Time/../../TWENET/L1200/lib/libTWENET_RED.a(ToCoNet_mod_Tx.o)
                              objs_RED/Main.o (symbol from plugin) (ToCoNet_vReg_mod_Tx_Standard)
c:/MWSDK/Wks_TWELITE/TX-Time/../../TWENET/L1200/lib/libTWENET_RED.a(ToCoNet_mod_TxRxQueue.o)
                              objs_RED/Main.o (symbol from plugin) (ToCoNet_vReg_mod_TxRxQueueMid)
c:/MWSDK/Wks_TWELITE/TX-Time/../../TWENET/L1200/lib/libTWENET_RED.a(ToCoNet_mod_Nwk_Common.o)
                              ToCoNet_main.o (symbol from plugin) (ToCoNet_vRxProc_Mod)
c:/MWSDK/Wks_TWELITE/TX-Time/../../TWENET/L1200/lib/libTWENET_RED.a(ToCoNet_mod_Channel_Mgr.o)
                              ToCoNet_mod_Tx.o (symbol from plugin) (ToCoNet_ChMgr_bCh_OnTx)
c:/MWSDK/Wks_TWELITE/TX-Time/../../TWENET/L1200/lib/libTWENET_RED.a(Version.o)
                              ToCoNet_utils.o (symbol from plugin) (au8ToCoNetVersionInfo)
c:/MWSDK/Wks_TWELITE/TX-Time/../../TWENET/L1200/lib/libTWENET_RED.a(AppQueueApi_ToCoNet.o)
                              ToCoNet_main.o (symbol from plugin) (u32AppQApiInitInt_PATCH)
c:/MWSDK/Wks_TWELITE/TX-Time/../../TWENET/L1200/lib/libTWENEText_RED.a(AppStart.o)
                              (AppColdStart)
c:/MWSDK/Wks_TWELITE/TX-Time/../../TWENET/L1200/lib/libTWENEText_RED.a(getMacAddr.o)
                              ToCoNet_main.o (symbol from plugin) (ToCoNet_u32GetSerialOnBoot)
c:/MWSDK/Wks_TWELITE/TX-Time/../../TWENET/L1200/lib/libTWENEText_RED.a(mac.o)
                              ToCoNet_main.o (symbol from plugin) (Mac_vInit)
c:/MWSDK/Wks_TWELITE/TX-Time/../../TWENET/L1200/lib/libTWENEText_RED.a(AES_CCM.o)
                              AppStart.o (symbol from plugin) (bAES_CCM_KeyReg)
c:/MWSDK/Wks_TWELITE/TX-Time/../../TWENET/L1200/lib/libTWENEText_RED.a(no_ack_handler.o)
                              AppStart.o (symbol from plugin) (vInstallNoAckHandler)
c:/MWSDK/Wks_TWELITE/TX-Time/../../TWENET/L1200/lib/libTWENEText_RED.a(Version.o)
                              ToCoNet_utils.o (symbol from plugin) (au8ToCoNetExtVersionInfo)
c:/MWSDK/Wks_TWELITE/TX-Time/../../TWENET/L1200/lib/libTWENETutils_RED.a(serial.o)
                              objs_RED/Main.o (symbol from plugin) (SERIAL_vInit)
c:/MWSDK/Wks_TWELITE/TX-Time/../../TWENET/L1200/lib/libTWENETutils_RED.a(uart.o)
                              serial.o (symbol from plugin) (UART_vInit)
c:/MWSDK/Wks_TWELITE/TX-Time/../../TWENET/L1200/lib/libTWENETutils_RED.a(ByteQueue.o)
                              ToCoNet_main.o (symbol from plugin) (QUEUE__vInit)
c:/MWSDK/Wks_TWELITE/TX-Time/../../TWENET/L1200/lib/libTWENETutils_RED.a(ccitt8.o)
                              AppStart.o (symbol from plugin) (u8CCITT8)
c:/MWSDK/Wks_TWELITE/TX-Time/../../TWENET/L1200/lib/libTWENETutils_RED.a(fprintf.o)
                              objs_RED/Main.o (symbol from plugin) (vfPrintf)
c:/MWSDK/Wks_TWELITE/TX-Time/../../TWENET/L1200/lib/libTWENETutils_RED.a(sprintf.o)
                              objs_RED/Main.o (symbol from plugin) (SPRINTF_vInit128)
c:/MWSDK/Wks_TWELITE/TX-Time/../../TWENET/L1200/lib/libTWENETutils_RED.a(utils.o)
                              ToCoNet_main.o (symbol from plugin) (vTimerConfig)
c:/MWSDK/Wks_TWELITE/TX-Time/../../TWENET/L1200/lib/libTWENETutils_RED.a(ccm.o)
                              AES_CCM.o (symbol from plugin) (ccm_init_and_key)
c:/MWSDK/Wks_TWELITE/TX-Time/../../TWENET/L1200/lib/libTWENETutils_RED.a(Version.o)
                              ToCoNet_utils.o (symbol from plugin) (au8ToCoNetUtilsVersionInfo)
c:/MWSDK/Wks_TWELITE/TX-Time/../../TWENET/L1200/lib/libTWENETutils_RED.a(aescrypt.o)
                              ccm.o (symbol from plugin) (aes_encrypt)
c:/MWSDK/Wks_TWELITE/TX-Time/../../TWENET/L1200/lib/libTWENETutils_RED.a(aeskey.o)
                              ccm.o (symbol from plugin) (aes_encrypt_key)
c:/MWSDK/Wks_TWELITE/TX-Time/../../TWENET/L1200/lib/libTWENETutils_RED.a(aestab.o)
                              aeskey.o (symbol from plugin) (t_im)
c:/MWSDK/ChipLib/SW4063V1416/Components/Library\libAppApi_JN5169.a(AppApi.o)
                              (pvAppApiDefGetMacHandle)
c:/MWSDK/ChipLib/SW4063V1416/Components/Library\libAppApi_JN5169.a(AppApiSleep.o)
                              (vAppApiDefSaveMacSettings)
c:/MWSDK/ChipLib/SW4063V1416/Components/Library\libMAC_JN5169.a(mac_main.o)
                              AppApi.o (symbol from plugin) (MAC_pvCtor)
c:/MWSDK/ChipLib/SW4063V1416/Components/Library\libMAC_JN5169.a(mac_mcps.o)
                              AppApi.o (symbol from plugin) (MAC_vHandleMcpsReqRsp)
c:/MWSDK/ChipLib/SW4063V1416/Components/Library\libMAC_JN5169.a(mac_mlme.o)
                              AppApi.o (symbol from plugin) (MAC_vHandleMlmeReqRsp)
c:/MWSDK/ChipLib/SW4063V1416/Components/Library\libMAC_JN5169.a(mac_pib.o)
                              AppStart.o (symbol from plugin) (MAC_psPibGetHandle)
c:/MWSDK/ChipLib/SW4063V1416/Components/Library\libMAC_JN5169.a(mac_pib_mlme.o)
                              mac_main.o (symbol from plugin) (mac_vPibSetDefaults)
c:/MWSDK/ChipLib/SW4063V1416/Components/Library\libMAC_JN5169.a(mac_pmic.o)
                              mac_main.o (symbol from plugin) (vPMICreset)
c:/MWSDK/ChipLib/SW4063V1416/Components/Library\libMAC_JN5169.a(mac_ind.o)
                              AppApi.o (symbol from plugin) (MAC_vRegisterMlmeDcfmIndCallbacks)
c:/MWSDK/ChipLib/SW4063V1416/Components/Library\libMAC_JN5169.a(mac_scan.o)
                              mac_main.o (symbol from plugin) (mac_eScanInit)
c:/MWSDK/ChipLib/SW4063V1416/Components/Library\libMAC_JN5169.a(mac_lp.o)
                              mac_pmic.o (symbol from plugin) (g_sLP)
c:/MWSDK/ChipLib/SW4063V1416/Components/Library\libMAC_JN5169.a(MCPS.o)
                              mac_mcps.o (symbol from plugin) (vTAM_MCPSdataRequest)
c:/MWSDK/ChipLib/SW4063V1416/Components/Library\libMAC_JN5169.a(phy_pib.o)
                              AppApi.o (symbol from plugin) (phy_ePibGet)
c:/MWSDK/ChipLib/SW4063V1416/Components/Library\libMAC_JN5169.a(TAM.o)
                              MCPS.o (symbol from plugin) (bTAMinPAN)
c:/MWSDK/ChipLib/SW4063V1416/Components/Library\libMAC_JN5169.a(TAMCO.o)
                              TAM.o (symbol from plugin) (vTAMCOsetCoordinator)
c:/MWSDK/ChipLib/SW4063V1416/Components/Library\libMAC_JN5169.a(TAMDE.o)
                              TAM.o (symbol from plugin) (vTAMDEdetermineNullState)
c:/MWSDK/ChipLib/SW4063V1416/Components/Library\libMAC_JN5169.a(TAM_MEM.o)
                              TAM.o (symbol from plugin) (vMEMreset)
c:/MWSDK/ChipLib/SW4063V1416/Components/Library\libMAC_JN5169.a(TAM_MLME.o)
                              mac_scan.o (symbol from plugin) (vMLMEbeaconNotify)
c:/MWSDK/ChipLib/SW4063V1416/Components/Library\libMAC_JN5169.a(TAM_TAH.o)
                              TAMCO.o (symbol from plugin) (vTAHsetCutOff)
c:/MWSDK/ChipLib/SW4063V1416/Components/Library\libMAC_JN5169.a(TAM_TAI.o)
                              TAM.o (symbol from plugin) (vTAIsetCapTime)
c:/MWSDK/ChipLib/SW4063V1416/Components/Library\libMAC_JN5169.a(TAM_TAT.o)
                              TAMDE.o (symbol from plugin) (vTATstartReceiveAt)
c:/MWSDK/ChipLib/SW4063V1416/Components/Library\libMAC_JN5169.a(TAMcommon.o)
                              mac_scan.o (symbol from plugin) (bTACassessBeaconForPayload)
c:/MWSDK/ChipLib/SW4063V1416/Components/Library\libMAC_JN5169.a(TAMevent.o)
                              mac_lp.o (symbol from plugin) (vTAMinsertEvent)
c:/MWSDK/ChipLib/SW4063V1416/Components/Library\libMAC_JN5169.a(TAMqueue.o)
                              TAMcommon.o (symbol from plugin) (vTAQaddToFifo)
c:/MWSDK/ChipLib/SW4063V1416/Components/Library\libMAC_JN5169.a(TAMrxEnable.o)
                              TAMevent.o (symbol from plugin) (vTAMRXEint2Fired)
c:/MWSDK/ChipLib/SW4063V1416/Components/Library\libMAC_JN5169.a(TAMsecurity.o)
                              TAMcommon.o (symbol from plugin) (vTSCgetIncomingInfo)
c:/MWSDK/ChipLib/SW4063V1416/Components/Library\libMAC_JN5169.a(TAMsideways.o)
                              mac_pmic.o (symbol from plugin) (eTAStransmitRequest)
c:/MWSDK/ChipLib/SW4063V1416/Components/Library\libMAC_JN5169.a(TAMtime.o)
                              TAM.o (symbol from plugin) (vTTIBLETimerExpired)
c:/MWSDK/ChipLib/SW4063V1416/Components/Library\libMAC_JN5169.a(TAM_AES.o)
                              TAMsecurity.o (symbol from plugin) (u8TAM_AES_WriteAuxilliarySecurityHeaderIntoBuffer)
c:/MWSDK/ChipLib/SW4063V1416/Components/Library\libMAC_JN5169.a(Endian.o)
                              TAM_AES.o (symbol from plugin) (vFromU16ToLe)
c:/MWSDK/ChipLib/SW4063V1416/Components/Library\libMAC_JN5169.a(mac_acl.o)
                              TAMsecurity.o (symbol from plugin) (MAC_u8AclFindInfo)
c:/MWSDK/ChipLib/SW4063V1416/Components/Library\libMAC_JN5169.a(mac_misc.o)
                              mac_mlme.o (symbol from plugin) (vMAC_MISCpollRequest)
c:/MWSDK/ChipLib/SW4063V1416/Components/Library\libTimerServer_JN516x.a(tsv_main.o)
                              AppApiSleep.o (symbol from plugin) (s_sTimerList)
c:/MWSDK/ChipLib/SW4063V1416/Components/Library\libXcv_JN5169.a(xcv_main.o)
                              AppApi.o (symbol from plugin) (XCV_vCtor)
c:/MWSDK/ChipLib/SW4063V1416/Components/Library\libXcv_JN5169.a(xcv_access.o)
                              mac_main.o (symbol from plugin) (XCV_vDevWriteIER)
c:/MWSDK/ChipLib/SW4063V1416/Components/Library\libXcv_JN5169.a(xcv_isr.o)
                              AppApi.o (symbol from plugin) (vXCV_IntHandlerPhy)
c:/MWSDK/ChipLib/SW4063V1416/Components/Library\libMMAC_JN5169.a(MMAC.o)
                              phy_pib.o (symbol from plugin) (vMMAC_SetChannelAndPower)
c:/MWSDK/ChipLib/SW4063V1416/Components/Library\libMMAC_JN5169.a(MMAC_RadioInit_JN5169.o)
                              xcv_main.o (symbol from plugin) (vMMAC_ConfigureRadio)
c:/MWSDK/ChipLib/SW4063V1416/Components/Library\libJPT_JN5169.a(JPT_RadioTxPowerTests.o)
                              AppApi.o (symbol from plugin) (vJPT_CustomBmodTable)
c:/MWSDK/ChipLib/SW4063V1416/Components/Library\libJPT_JN5169.a(JPT_RadioSettings_JN5169.o)
                              MMAC_RadioInit_JN5169.o (symbol from plugin) (bJPT_InitRadio_JN5169)
c:/MWSDK/ChipLib/SW4063V1416/Components/Library\libAes_JN516x.a(AEScoprocessorCCM.o)
                              AES_CCM.o (symbol from plugin) (bACI_CCMstar)
c:/MWSDK/ChipLib/SW4063V1416/Components/Library\libAes_JN516x.a(AES_CCM_Star.o)
                              TAM_AES.o (symbol from plugin) (vACI_OptimisedCcmStar)
c:/MWSDK/ChipLib/SW4063V1416/Components/Library\libAes_JN516x.a(AEScoprocessorAPI.o)
                              AES_CCM_Star.o (symbol from plugin) (vACI_CmdWaitBusy)
c:/MWSDK/ChipLib/SW4063V1416/Components/Library\libHardwareApi_JN5169.a(AHI_Analogue.o)
                              utils.o (symbol from plugin) (bAHI_APRegulatorEnabled)
c:/MWSDK/ChipLib/SW4063V1416/Components/Library\libHardwareApi_JN5169.a(AHI_Dio.o)
                              ToCoNet_main.o (symbol from plugin) (vAHI_DioSetPullup)
c:/MWSDK/ChipLib/SW4063V1416/Components/Library\libHardwareApi_JN5169.a(AHI_Reset.o)
                              ToCoNet_main.o (symbol from plugin) (vAHI_SwReset)
c:/MWSDK/ChipLib/SW4063V1416/Components/Library\libHardwareApi_JN5169.a(AHI_Spi.o)
                              AppQueueApi_ToCoNet.o (symbol from plugin) (vAHI_SpiRegisterCallback)
c:/MWSDK/ChipLib/SW4063V1416/Components/Library\libHardwareApi_JN5169.a(AHI_System.o)
                              AppApiSleep.o (symbol from plugin) (u8AHI_PowerStatus)
c:/MWSDK/ChipLib/SW4063V1416/Components/Library\libHardwareApi_JN5169.a(AHI_Timer.o)
                              utils.o (symbol from plugin) (vAHI_TimerEnable)
c:/MWSDK/ChipLib/SW4063V1416/Components/Library\libHardwareApi_JN5169.a(AHI_TimerInt.o)
                              AppQueueApi_ToCoNet.o (symbol from plugin) (vAHI_Timer0RegisterCallback)
c:/MWSDK/ChipLib/SW4063V1416/Components/Library\libHardwareApi_JN5169.a(AHI_Uart.o)
                              uart.o (symbol from plugin) (vAHI_UartSetBaudDivisor)
c:/MWSDK/ChipLib/SW4063V1416/Components/Library\libHardwareApi_JN5169.a(AHI_WakeTimer.o)
                              ToCoNet_utils.o (symbol from plugin) (vAHI_WakeTimerEnable)
c:/MWSDK/ChipLib/SW4063V1416/Components/Library\libHardwareApi_JN5169.a(AHI_Flash.o)
                              AHI_System.o (symbol from plugin) (vAHI_FlashAndEEPROMControllerIntHandler)
c:/MWSDK/ChipLib/SW4063V1416/Components/Library\libHardwareApi_JN5169.a(AHI_Infrared.o)
                              AHI_TimerInt.o (symbol from plugin) (vAHI_IntHandlerInfrared)
c:/MWSDK/ChipLib/SW4063V1416/Components/Library\libHardwareApi_JN5169.a(InternalFlashApi.o)
                              AHI_Flash.o (symbol from plugin) (bFlashErase)
c:/MWSDK/ChipLib/SW4063V1416/Components/Library\libHardwareApi_JN5169.a(AHI_FlashIndexSector.o)
                              AppStart.o (symbol from plugin) (bAHI_ReadMACID)
c:/MWSDK/ChipLib/SW4063V1416/Components/Library\libHardwareApi_JN5169.a(AHI_Si.o)
                              AppQueueApi_ToCoNet.o (symbol from plugin) (vAHI_SiRegisterCallback)
c:/MWSDK/ChipLib/SW4063V1416/Components/Library\libHardwareApi_JN5169.a(AHI_TickTimer.o)
                              AppQueueApi_ToCoNet.o (symbol from plugin) (vAHI_TickTimerInit)
c:/MWSDK/ChipLib/SW4063V1416/Components/Library\libHardwareApi_JN5169.a(AHI_Interrupt.o)
                              AppApi.o (symbol from plugin) (vAHI_InterruptSetPriority)
c:/MWSDK/ChipLib/SW4063V1416/Components/Library\libHardwareApi_JN5169.a(AHI_Init.o)
                              AppStart.o (symbol from plugin) (u32AHI_Init)
c:/MWSDK/ChipLib/SW4063V1416/Components/Library\libHardwareApi_JN5169.a(AHI_SpiSlave.o)
                              AHI_Init.o (symbol from plugin) (vAHI_IntHandlerSpiSlave)
c:/MWSDK/ChipLib/SW4063V1416/Components/Library\libMicroSpecific_JN516x.a(MicroInt_ba.o)
                              serial.o (symbol from plugin) (vMicroIntEnableOnly)
c:/MWSDK/ChipLib/SW4063V1416/Components/Library\libMicroSpecific_JN516x.a(MicroSyscall_ba.o)
                              AHI_Reset.o (symbol from plugin) (vMicroSyscall)
c:/MWSDK/ChipLib/SW4063V1416/Components/Library\libBoot_JN516x.a(Heap.o)
                              (u32HeapStart)
c:/MWSDK/ChipLib/SW4063V1416/Components/Library\libBoot_JN516x.a(ExceptionHandler.o)
                              (_exception_external_interrupt)
c:/MWSDK/ChipLib/SW4063V1416/Components/Library\libAppApi_JN5169.a(AppHousekeeping.o)
                              mac_scan.o (symbol from plugin) (sAppHousekeeping)
c:/MWSDK/ChipLib/SW4063V1416/Components/Library\libAes_JN516x.a(AEScoprocessorAPIinterrupts.o)
                              AHI_Init.o (symbol from plugin) (vACI_IntHandlerAes)
c:/mwsdk/tools/ba-elf-ba2-r36379/bin/../lib/gcc/ba-elf/4.7.4/../../../../ba-elf/lib/mcpu_jn51xx_sizeopt\libc.a(lib_a-memcmp.o)
                              C:\Users\Maeoka\AppData\Local\Temp\ccIFs7ie.ltrans3.ltrans.o (memcmp)
c:/mwsdk/tools/ba-elf-ba2-r36379/bin/../lib/gcc/ba-elf/4.7.4/../../../../ba-elf/lib/mcpu_jn51xx_sizeopt\libc.a(lib_a-memcpy.o)
                              C:\Users\Maeoka\AppData\Local\Temp\ccIFs7ie.ltrans0.ltrans.o (memcpy)
c:/mwsdk/tools/ba-elf-ba2-r36379/bin/../lib/gcc/ba-elf/4.7.4/../../../../ba-elf/lib/mcpu_jn51xx_sizeopt\libc.a(lib_a-memset.o)
                              C:\Users\Maeoka\AppData\Local\Temp\ccIFs7ie.ltrans0.ltrans.o (memset)
c:/mwsdk/tools/ba-elf-ba2-r36379/bin/../lib/gcc/ba-elf/4.7.4/mcpu_jn51xx_sizeopt\libgcc.a(__udivsi3.o)
                              C:\Users\Maeoka\AppData\Local\Temp\ccIFs7ie.ltrans0.ltrans.o (__udivsi3)
c:/mwsdk/tools/ba-elf-ba2-r36379/bin/../lib/gcc/ba-elf/4.7.4/mcpu_jn51xx_sizeopt\libgcc.a(__divsi3.o)
                              C:\Users\Maeoka\AppData\Local\Temp\ccIFs7ie.ltrans2.ltrans.o (__divsi3)
c:/mwsdk/tools/ba-elf-ba2-r36379/bin/../lib/gcc/ba-elf/4.7.4/mcpu_jn51xx_sizeopt\libgcc.a(__umodsi3.o)
                              C:\Users\Maeoka\AppData\Local\Temp\ccIFs7ie.ltrans4.ltrans.o (__umodsi3)

Allocating common symbols
Common symbol       size              file

apvHwIndBufferData  0x2c              AppQueueApi_ToCoNet.o (symbol from plugin)
prMAC_TofMlmeReqHandler
                    0x4               mac_mlme.o (symbol from plugin)
apvMlmeIndBufferData
                    0x14              AppQueueApi_ToCoNet.o (symbol from plugin)
_TWENET_TX_POWER_VALUE
                    0x1               AppStart.o (symbol from plugin)
g_tSpiConfiguration
                    0x4               AHI_Flash.o (symbol from plugin)
SPRINTF_Stream      0x4               sprintf.o (symbol from plugin)
prMAC_TofRxHandler  0x4               TAMcommon.o (symbol from plugin)
_MAC_u8TxFailReason
                    0x1               mac.o (symbol from plugin)
apvMcpsIndBufferData
                    0x14              AppQueueApi_ToCoNet.o (symbol from plugin)
bAHI_ExtendedTemperatureOperation
                    0x1               AHI_System.o (symbol from plugin)
bMAC_DiscardUnsuccessfulAssocResponses
                    0x1               mac_pmic.o (symbol from plugin)
u8Msq               0x1               TAM_TAT.o (symbol from plugin)
g_bLegacyHwBugEmulation
                    0x1               AES_CCM_Star.o (symbol from plugin)

Discarded input sections

 .text          0x0000000000000000        0x0 objs_RED/Main.o (symbol from plugin)
 .data          0x0000000000000000        0x0 C:\Users\Maeoka\AppData\Local\Temp\ccIFs7ie.ltrans1.ltrans.o
 .data          0x0000000000000000        0x0 C:\Users\Maeoka\AppData\Local\Temp\ccIFs7ie.ltrans2.ltrans.o
 .data          0x0000000000000000        0x0 C:\Users\Maeoka\AppData\Local\Temp\ccIFs7ie.ltrans3.ltrans.o
 .data          0x0000000000000000        0x0 C:\Users\Maeoka\AppData\Local\Temp\ccIFs7ie.ltrans5.ltrans.o
 .data          0x0000000000000000        0x0 C:\Users\Maeoka\AppData\Local\Temp\ccIFs7ie.ltrans6.ltrans.o
 .bss           0x0000000000000000        0x0 C:\Users\Maeoka\AppData\Local\Temp\ccIFs7ie.ltrans6.ltrans.o
 .data          0x0000000000000000        0x0 C:\Users\Maeoka\AppData\Local\Temp\ccIFs7ie.ltrans7.ltrans.o
 .data          0x0000000000000000        0x0 C:\Users\Maeoka\AppData\Local\Temp\ccIFs7ie.ltrans10.ltrans.o
 .data          0x0000000000000000        0x0 C:\Users\Maeoka\AppData\Local\Temp\ccIFs7ie.ltrans11.ltrans.o
 .data          0x0000000000000000        0x0 C:\Users\Maeoka\AppData\Local\Temp\ccIFs7ie.ltrans12.ltrans.o
 .data          0x0000000000000000        0x0 C:\Users\Maeoka\AppData\Local\Temp\ccIFs7ie.ltrans13.ltrans.o
 .data          0x0000000000000000        0x0 C:\Users\Maeoka\AppData\Local\Temp\ccIFs7ie.ltrans14.ltrans.o
 .data          0x0000000000000000        0x0 C:\Users\Maeoka\AppData\Local\Temp\ccIFs7ie.ltrans15.ltrans.o
 .data          0x0000000000000000        0x0 c:/mwsdk/tools/ba-elf-ba2-r36379/bin/../lib/gcc/ba-elf/4.7.4/../../../../ba-elf/lib/mcpu_jn51xx_sizeopt\libc.a(lib_a-memcmp.o)
 .bss           0x0000000000000000        0x0 c:/mwsdk/tools/ba-elf-ba2-r36379/bin/../lib/gcc/ba-elf/4.7.4/../../../../ba-elf/lib/mcpu_jn51xx_sizeopt\libc.a(lib_a-memcmp.o)
 .data          0x0000000000000000        0x0 c:/mwsdk/tools/ba-elf-ba2-r36379/bin/../lib/gcc/ba-elf/4.7.4/../../../../ba-elf/lib/mcpu_jn51xx_sizeopt\libc.a(lib_a-memcpy.o)
 .bss           0x0000000000000000        0x0 c:/mwsdk/tools/ba-elf-ba2-r36379/bin/../lib/gcc/ba-elf/4.7.4/../../../../ba-elf/lib/mcpu_jn51xx_sizeopt\libc.a(lib_a-memcpy.o)
 .data          0x0000000000000000        0x0 c:/mwsdk/tools/ba-elf-ba2-r36379/bin/../lib/gcc/ba-elf/4.7.4/../../../../ba-elf/lib/mcpu_jn51xx_sizeopt\libc.a(lib_a-memset.o)
 .bss           0x0000000000000000        0x0 c:/mwsdk/tools/ba-elf-ba2-r36379/bin/../lib/gcc/ba-elf/4.7.4/../../../../ba-elf/lib/mcpu_jn51xx_sizeopt\libc.a(lib_a-memset.o)
 .data          0x0000000000000000        0x0 c:/mwsdk/tools/ba-elf-ba2-r36379/bin/../lib/gcc/ba-elf/4.7.4/mcpu_jn51xx_sizeopt\libgcc.a(__udivsi3.o)
 .bss           0x0000000000000000        0x0 c:/mwsdk/tools/ba-elf-ba2-r36379/bin/../lib/gcc/ba-elf/4.7.4/mcpu_jn51xx_sizeopt\libgcc.a(__udivsi3.o)
 .data          0x0000000000000000        0x0 c:/mwsdk/tools/ba-elf-ba2-r36379/bin/../lib/gcc/ba-elf/4.7.4/mcpu_jn51xx_sizeopt\libgcc.a(__divsi3.o)
 .bss           0x0000000000000000        0x0 c:/mwsdk/tools/ba-elf-ba2-r36379/bin/../lib/gcc/ba-elf/4.7.4/mcpu_jn51xx_sizeopt\libgcc.a(__divsi3.o)
 .data          0x0000000000000000        0x0 c:/mwsdk/tools/ba-elf-ba2-r36379/bin/../lib/gcc/ba-elf/4.7.4/mcpu_jn51xx_sizeopt\libgcc.a(__umodsi3.o)
 .bss           0x0000000000000000        0x0 c:/mwsdk/tools/ba-elf-ba2-r36379/bin/../lib/gcc/ba-elf/4.7.4/mcpu_jn51xx_sizeopt\libgcc.a(__umodsi3.o)
 .text          0x0000000000000000        0x0 ToCoNet_event.o (symbol from plugin)
 .text          0x0000000000000000        0x0 ToCoNet_main.o (symbol from plugin)
 .text          0x0000000000000000        0x0 ToCoNet_utils.o (symbol from plugin)
 .text          0x0000000000000000        0x0 ToCoNet_mod_Tx.o (symbol from plugin)
 .text          0x0000000000000000        0x0 ToCoNet_mod_TxRxQueue.o (symbol from plugin)
 .text          0x0000000000000000        0x0 ToCoNet_mod_Nwk_Common.o (symbol from plugin)
 .text          0x0000000000000000        0x0 ToCoNet_mod_Channel_Mgr.o (symbol from plugin)
 .text          0x0000000000000000        0x0 Version.o (symbol from plugin)
 .text          0x0000000000000000        0x0 AppQueueApi_ToCoNet.o (symbol from plugin)
 .text          0x0000000000000000        0x0 AppStart.o (symbol from plugin)
 .text          0x0000000000000000        0x0 getMacAddr.o (symbol from plugin)
 .text          0x0000000000000000        0x0 mac.o (symbol from plugin)
 .text          0x0000000000000000        0x0 AES_CCM.o (symbol from plugin)
 .text          0x0000000000000000        0x0 no_ack_handler.o (symbol from plugin)
 .text          0x0000000000000000        0x0 Version.o (symbol from plugin)
 .text          0x0000000000000000        0x0 serial.o (symbol from plugin)
 .text          0x0000000000000000        0x0 uart.o (symbol from plugin)
 .text          0x0000000000000000        0x0 ByteQueue.o (symbol from plugin)
 .text          0x0000000000000000        0x0 ccitt8.o (symbol from plugin)
 .text          0x0000000000000000        0x0 fprintf.o (symbol from plugin)
 .text          0x0000000000000000        0x0 sprintf.o (symbol from plugin)
 .text          0x0000000000000000        0x0 utils.o (symbol from plugin)
 .text          0x0000000000000000        0x0 ccm.o (symbol from plugin)
 .text          0x0000000000000000        0x0 Version.o (symbol from plugin)
 .text          0x0000000000000000        0x0 aescrypt.o (symbol from plugin)
 .text          0x0000000000000000        0x0 aeskey.o (symbol from plugin)
 .text          0x0000000000000000        0x0 aestab.o (symbol from plugin)
 .text          0x0000000000000000        0x0 AppApi.o (symbol from plugin)
 .text          0x0000000000000000        0x0 AppApiSleep.o (symbol from plugin)
 .text          0x0000000000000000        0x0 mac_main.o (symbol from plugin)
 .text          0x0000000000000000        0x0 mac_mcps.o (symbol from plugin)
 .text          0x0000000000000000        0x0 mac_mlme.o (symbol from plugin)
 .text          0x0000000000000000        0x0 mac_pib.o (symbol from plugin)
 .text          0x0000000000000000        0x0 mac_pib_mlme.o (symbol from plugin)
 .text          0x0000000000000000        0x0 mac_pmic.o (symbol from plugin)
 .text          0x0000000000000000        0x0 mac_ind.o (symbol from plugin)
 .text          0x0000000000000000        0x0 mac_scan.o (symbol from plugin)
 .text          0x0000000000000000        0x0 mac_lp.o (symbol from plugin)
 .text          0x0000000000000000        0x0 MCPS.o (symbol from plugin)
 .text          0x0000000000000000        0x0 phy_pib.o (symbol from plugin)
 .text          0x0000000000000000        0x0 TAM.o (symbol from plugin)
 .text          0x0000000000000000        0x0 TAMCO.o (symbol from plugin)
 .text          0x0000000000000000        0x0 TAMDE.o (symbol from plugin)
 .text          0x0000000000000000        0x0 TAM_MEM.o (symbol from plugin)
 .text          0x0000000000000000        0x0 TAM_MLME.o (symbol from plugin)
 .text          0x0000000000000000        0x0 TAM_TAH.o (symbol from plugin)
 .text          0x0000000000000000        0x0 TAM_TAI.o (symbol from plugin)
 .text          0x0000000000000000        0x0 TAM_TAT.o (symbol from plugin)
 .text          0x0000000000000000        0x0 TAMcommon.o (symbol from plugin)
 .text          0x0000000000000000        0x0 TAMevent.o (symbol from plugin)
 .text          0x0000000000000000        0x0 TAMqueue.o (symbol from plugin)
 .text          0x0000000000000000        0x0 TAMrxEnable.o (symbol from plugin)
 .text          0x0000000000000000        0x0 TAMsecurity.o (symbol from plugin)
 .text          0x0000000000000000        0x0 TAMsideways.o (symbol from plugin)
 .text          0x0000000000000000        0x0 TAMtime.o (symbol from plugin)
 .text          0x0000000000000000        0x0 TAM_AES.o (symbol from plugin)
 .text          0x0000000000000000        0x0 Endian.o (symbol from plugin)
 .text          0x0000000000000000        0x0 mac_acl.o (symbol from plugin)
 .text          0x0000000000000000        0x0 mac_misc.o (symbol from plugin)
 .text          0x0000000000000000        0x0 tsv_main.o (symbol from plugin)
 .text          0x0000000000000000        0x0 xcv_main.o (symbol from plugin)
 .text          0x0000000000000000        0x0 xcv_access.o (symbol from plugin)
 .text          0x0000000000000000        0x0 xcv_isr.o (symbol from plugin)
 .text          0x0000000000000000        0x0 MMAC.o (symbol from plugin)
 .text          0x0000000000000000        0x0 MMAC_RadioInit_JN5169.o (symbol from plugin)
 .text          0x0000000000000000        0x0 JPT_RadioTxPowerTests.o (symbol from plugin)
 .text          0x0000000000000000        0x0 JPT_RadioSettings_JN5169.o (symbol from plugin)
 .text          0x0000000000000000        0x0 AEScoprocessorCCM.o (symbol from plugin)
 .text          0x0000000000000000        0x0 AES_CCM_Star.o (symbol from plugin)
 .text          0x0000000000000000        0x0 AEScoprocessorAPI.o (symbol from plugin)
 .text          0x0000000000000000        0x0 AHI_Analogue.o (symbol from plugin)
 .text          0x0000000000000000        0x0 AHI_Dio.o (symbol from plugin)
 .text          0x0000000000000000        0x0 AHI_Reset.o (symbol from plugin)
 .text          0x0000000000000000        0x0 AHI_Spi.o (symbol from plugin)
 .text          0x0000000000000000        0x0 AHI_System.o (symbol from plugin)
 .text          0x0000000000000000        0x0 AHI_Timer.o (symbol from plugin)
 .text          0x0000000000000000        0x0 AHI_TimerInt.o (symbol from plugin)
 .text          0x0000000000000000        0x0 AHI_Uart.o (symbol from plugin)
 .text          0x0000000000000000        0x0 AHI_WakeTimer.o (symbol from plugin)
 .text          0x0000000000000000        0x0 AHI_Flash.o (symbol from plugin)
 .text          0x0000000000000000        0x0 AHI_Infrared.o (symbol from plugin)
 .text          0x0000000000000000        0x0 InternalFlashApi.o (symbol from plugin)
 .text          0x0000000000000000        0x0 AHI_FlashIndexSector.o (symbol from plugin)
 .text          0x0000000000000000        0x0 AHI_Si.o (symbol from plugin)
 .text          0x0000000000000000        0x0 AHI_TickTimer.o (symbol from plugin)
 .data          0x0000000000000000        0x0 c:/MWSDK/ChipLib/SW4063V1416/Components/Library\libHardwareApi_JN5169.a(AHI_Interrupt.o)
 .bss           0x0000000000000000        0x0 c:/MWSDK/ChipLib/SW4063V1416/Components/Library\libHardwareApi_JN5169.a(AHI_Interrupt.o)
 .text          0x0000000000000000        0x0 AHI_Init.o (symbol from plugin)
 .text          0x0000000000000000        0x0 AHI_SpiSlave.o (symbol from plugin)
 .text          0x0000000000000000        0x0 MicroInt_ba.o (symbol from plugin)
 .text          0x0000000000000000        0x0 c:/MWSDK/ChipLib/SW4063V1416/Components/Library\libMicroSpecific_JN516x.a(MicroSyscall_ba.o)
 .data          0x0000000000000000        0x0 c:/MWSDK/ChipLib/SW4063V1416/Components/Library\libMicroSpecific_JN516x.a(MicroSyscall_ba.o)
 .bss           0x0000000000000000        0x0 c:/MWSDK/ChipLib/SW4063V1416/Components/Library\libMicroSpecific_JN516x.a(MicroSyscall_ba.o)
 .text          0x0000000000000000        0x0 Heap.o (symbol from plugin)
 .text          0x0000000000000000        0x0 c:/MWSDK/ChipLib/SW4063V1416/Components/Library\libBoot_JN516x.a(ExceptionHandler.o)
 .data          0x0000000000000000        0x0 c:/MWSDK/ChipLib/SW4063V1416/Components/Library\libBoot_JN516x.a(ExceptionHandler.o)
 .bss           0x0000000000000000        0x0 c:/MWSDK/ChipLib/SW4063V1416/Components/Library\libBoot_JN516x.a(ExceptionHandler.o)
 .text          0x0000000000000000        0x0 AppHousekeeping.o (symbol from plugin)
 .text          0x0000000000000000        0x0 AEScoprocessorAPIinterrupts.o (symbol from plugin)

Memory Configuration

Name             Origin             Length             Attributes
flash            0x0000000000080000 0x0000000000080000
ram              0x000000000400004c 0x0000000000007fb4
*default*        0x0000000000000000 0xffffffffffffffff

Linker script and memory map

LOAD objs_RED/Main.o
LOAD C:\Users\Maeoka\AppData\Local\Temp\ccIFs7ie.ltrans0.ltrans.o
LOAD C:\Users\Maeoka\AppData\Local\Temp\ccIFs7ie.ltrans1.ltrans.o
LOAD C:\Users\Maeoka\AppData\Local\Temp\ccIFs7ie.ltrans2.ltrans.o
LOAD C:\Users\Maeoka\AppData\Local\Temp\ccIFs7ie.ltrans3.ltrans.o
LOAD C:\Users\Maeoka\AppData\Local\Temp\ccIFs7ie.ltrans4.ltrans.o
LOAD C:\Users\Maeoka\AppData\Local\Temp\ccIFs7ie.ltrans5.ltrans.o
LOAD C:\Users\Maeoka\AppData\Local\Temp\ccIFs7ie.ltrans6.ltrans.o
LOAD C:\Users\Maeoka\AppData\Local\Temp\ccIFs7ie.ltrans7.ltrans.o
LOAD C:\Users\Maeoka\AppData\Local\Temp\ccIFs7ie.ltrans8.ltrans.o
LOAD C:\Users\Maeoka\AppData\Local\Temp\ccIFs7ie.ltrans9.ltrans.o
LOAD C:\Users\Maeoka\AppData\Local\Temp\ccIFs7ie.ltrans10.ltrans.o
LOAD C:\Users\Maeoka\AppData\Local\Temp\ccIFs7ie.ltrans11.ltrans.o
LOAD C:\Users\Maeoka\AppData\Local\Temp\ccIFs7ie.ltrans12.ltrans.o
LOAD C:\Users\Maeoka\AppData\Local\Temp\ccIFs7ie.ltrans13.ltrans.o
LOAD C:\Users\Maeoka\AppData\Local\Temp\ccIFs7ie.ltrans14.ltrans.o
LOAD C:\Users\Maeoka\AppData\Local\Temp\ccIFs7ie.ltrans15.ltrans.o
LOAD c:/mwsdk/tools/ba-elf-ba2-r36379/bin/../lib/gcc/ba-elf/4.7.4/../../../../ba-elf/lib/mcpu_jn51xx_sizeopt\libc.a
LOAD c:/mwsdk/tools/ba-elf-ba2-r36379/bin/../lib/gcc/ba-elf/4.7.4/mcpu_jn51xx_sizeopt\libgcc.a
LOAD c:/mwsdk/tools/ba-elf-ba2-r36379/bin/../lib/gcc/ba-elf/4.7.4/../../../../ba-elf/lib/mcpu_jn51xx_sizeopt\libc.a
LOAD c:/MWSDK/Wks_TWELITE/TX-Time/../../TWENET/L1200/lib/libTWENET_RED.a
LOAD c:/MWSDK/Wks_TWELITE/TX-Time/../../TWENET/L1200/lib/libTWENEText_RED.a
LOAD c:/MWSDK/Wks_TWELITE/TX-Time/../../TWENET/L1200/lib/libTWENETutils_RED.a
START GROUP
LOAD c:/MWSDK/ChipLib/SW4063V1416/Components/Library\libAppApi_JN5169.a
LOAD c:/MWSDK/ChipLib/SW4063V1416/Components/Library\libMAC_JN5169.a
LOAD c:/MWSDK/ChipLib/SW4063V1416/Components/Library\libTimerServer_JN516x.a
LOAD c:/MWSDK/ChipLib/SW4063V1416/Components/Library\libTOF_JN516x.a
LOAD c:/MWSDK/ChipLib/SW4063V1416/Components/Library\libXcv_JN5169.a
LOAD c:/MWSDK/ChipLib/SW4063V1416/Components/Library\libMMAC_JN5169.a
LOAD c:/MWSDK/ChipLib/SW4063V1416/Components/Library\libJPT_JN5169.a
LOAD c:/MWSDK/ChipLib/SW4063V1416/Components/Library\libAes_JN516x.a
LOAD c:/MWSDK/ChipLib/SW4063V1416/Components/Library\libHardwareApi_JN5169.a
LOAD c:/MWSDK/ChipLib/SW4063V1416/Components/Library\libMicroSpecific_JN516x.a
LOAD c:/MWSDK/ChipLib/SW4063V1416/Components/Library\libBoot_JN516x.a
LOAD c:/MWSDK/ChipLib/SW4063V1416/Components/Library\libPDM_EEPROM_JN516x_NO_RTOS.a
LOAD c:/MWSDK/Wks_TWELITE/TX-Time/../../TWENET/L1200/lib/libTWENET_RED.a
LOAD c:/MWSDK/Wks_TWELITE/TX-Time/../../TWENET/L1200/lib/libTWENEText_RED.a
LOAD c:/MWSDK/Wks_TWELITE/TX-Time/../../TWENET/L1200/lib/libTWENETutils_RED.a
END GROUP
LOAD c:/mwsdk/tools/ba-elf-ba2-r36379/bin/../lib/gcc/ba-elf/4.7.4/../../../../ba-elf/lib/mcpu_jn51xx_sizeopt\libc.a
LOAD c:/mwsdk/tools/ba-elf-ba2-r36379/bin/../lib/gcc/ba-elf/4.7.4/mcpu_jn51xx_sizeopt\libgcc.a
LOAD c:/mwsdk/tools/ba-elf-ba2-r36379/bin/../lib/gcc/ba-elf/4.7.4/../../../../ba-elf/lib/mcpu_jn51xx_sizeopt\libc.a
                0x0000000000000800                _stack_size = 0x800
                0x0000000000080038                exception_vsr_table = 0x80038
                0x0000000004000000                pSPIflashFncTable = 0x4000000
                0x0000000000000044                restore_state = 0x44
                0x000000000000004a                bZSPIWaitWIPClear = 0x4a
                0x0000000000000050                u16ZSPIflashRDID = 0x50
                0x0000000000000056                u8SelectFlashChipType = 0x56
                0x000000000000005c                memcpy = 0x5c
                0x0000000000000066                vBootFlashProg = 0x66
                [0x0000000000000d16]                __minimum_heap_size = DEFINED (__minimum_heap_size)?__minimum_heap_size:0xd16
                [0x0000000000000800]                __stack_size = DEFINED (__stack_size)?__stack_size:0x800
                0x0000000000000000                _SwConfig = (DEFINED (g_bSWConf_Debug) | (DEFINED (g_bSWConf_AltDebugPort) << 0x1))

.version        0x000000000007fffc        0x4
                0x000000000007fffc        0x4 LONG 0xf03000b

.bir            0x0000000000080000       0x10
                0x0000000000080000                _flash_start = ABSOLUTE (.)
                0x0000000000080000                _flash_beg = ABSOLUTE (.)
                0x0000000000080000        0x4 LONG 0x12345678
                0x0000000000080004        0x4 LONG 0x11223344
                0x0000000000080008        0x4 LONG 0x55667788
                0x000000000008000c        0x1 BYTE 0x8
                0x000000000008000d        0x1 BYTE 0x1
                0x000000000008000e        0x2 SHORT 0x0

.flashheader    0x0000000000080010       0x28
                0x0000000000080010        0x4 LONG 0x0
                0x0000000000080014        0x4 LONG 0x0
                0x0000000000080018        0x4 LONG 0x0
                0x000000000008001c        0x2 SHORT 0x0
                0x000000000008001e        0x2 SHORT 0x0 ABSOLUTE (_SwConfig)
                0x0000000000080020                _enc_start = ABSOLUTE (.)
                0x0000000000080020        0x4 LONG 0xa40c ABSOLUTE (_image_len)
                0x0000000000080024        0x4 LONG 0x8a3fc ABSOLUTE (_flash_data_start)
                0x0000000000080028        0x2 SHORT 0x13 ((ABSOLUTE (_ram_data_start) / 0x4) & 0xffff)
                0x000000000008002a        0x2 SHORT 0x4 ((ABSOLUTE (_ram_data_len) / 0x4) & 0xffff)
                0x000000000008002c        0x2 SHORT 0x17 ((ABSOLUTE (_bss_start) / 0x4) & 0xffff)
                0x000000000008002e        0x2 SHORT 0x671 ((ABSOLUTE (_bss_len) / 0x4) & 0xffff)
                0x0000000000080030        0x4 LONG 0x851cc ABSOLUTE (AppWarmStart)
                0x0000000000080034        0x4 LONG 0x89a37 ABSOLUTE (AppColdStart)
                0x0000000000000000                _enc_offset = (_enc_start & 0xf)
                0x0000000000000044                PROVIDE (vException_BusError, restore_state)
                0x0000000000000044                PROVIDE (vException_UnalignedAccess, restore_state)
                0x0000000000000044                PROVIDE (vException_IllegalInstruction, restore_state)
                0x0000000000000044                PROVIDE (vException_SysCall, restore_state)
                0x0000000000000044                PROVIDE (vException_Trap, restore_state)
                0x0000000000000044                PROVIDE (vException_StackOverflow, restore_state)
                0x0000000000080038                . = ABSOLUTE (exception_vsr_table)

.vsr_table      0x0000000000080038       0x18
                0x0000000000080038        0x4 LONG 0x44 ABSOLUTE (vException_BusError)
                0x000000000008003c        0x4 LONG 0x44 ABSOLUTE (vException_UnalignedAccess)
                0x0000000000080040        0x4 LONG 0x44 ABSOLUTE (vException_IllegalInstruction)
                0x0000000000080044        0x4 LONG 0x44 ABSOLUTE (vException_SysCall)
                0x0000000000080048        0x4 LONG 0x44 ABSOLUTE (vException_Trap)
                0x000000000008004c        0x4 LONG 0x44 ABSOLUTE (vException_StackOverflow)

.vsr_handlers   0x0000000000080050       0xaa
 *(.vsr_handlers)
 .vsr_handlers  0x0000000000080050       0xaa c:/MWSDK/ChipLib/SW4063V1416/Components/Library\libBoot_JN516x.a(ExceptionHandler.o)
                0x0000000000080050                _exception_external_interrupt
                0x00000000000800f8                _default_vsr_dummy

.rodata         0x00000000000800fc      0x4d0
 *(.rodata*)
 .rodata.str1.1
                0x00000000000800fc       0x44 C:\Users\Maeoka\AppData\Local\Temp\ccIFs7ie.ltrans0.ltrans.o
 .rodata        0x0000000000080140       0x6b C:\Users\Maeoka\AppData\Local\Temp\ccIFs7ie.ltrans0.ltrans.o
 *fill*         0x00000000000801ab        0x1 00
 .rodata        0x00000000000801ac       0xd4 C:\Users\Maeoka\AppData\Local\Temp\ccIFs7ie.ltrans1.ltrans.o
                0x00000000000801ac                s_aprScanHandleEvt.10476
                0x00000000000801dc                apvActionCalls
                0x0000000000080264                aprLPBMacVectorRamTable
                0x0000000000080278                psTamMacContext
                0x000000000008027c                psTAMcontext
 .rodata        0x0000000000080280       0x34 C:\Users\Maeoka\AppData\Local\Temp\ccIFs7ie.ltrans2.ltrans.o
                0x0000000000080288                psTamXcvContext
                0x000000000008028c                CSWTCH.35.20956.20956
                0x00000000000802a0                au32TimerBaseAddress
 .rodata        0x00000000000802b4        0x4 C:\Users\Maeoka\AppData\Local\Temp\ccIFs7ie.ltrans3.ltrans.o
 .rodata        0x00000000000802b8       0x14 C:\Users\Maeoka\AppData\Local\Temp\ccIFs7ie.ltrans4.ltrans.o
 .rodata        0x00000000000802cc       0x17 C:\Users\Maeoka\AppData\Local\Temp\ccIFs7ie.ltrans5.ltrans.o
 .rodata        0x00000000000802e3        0xa C:\Users\Maeoka\AppData\Local\Temp\ccIFs7ie.ltrans6.ltrans.o
 .rodata        0x00000000000802ed        0x6 C:\Users\Maeoka\AppData\Local\Temp\ccIFs7ie.ltrans7.ltrans.o
                0x00000000000802ed                aeXcvPhyEvtToScanEvt.5424.10479
 .rodata.str1.1
                0x00000000000802f3       0x22 C:\Users\Maeoka\AppData\Local\Temp\ccIFs7ie.ltrans8.ltrans.o
 *fill*         0x0000000000080315        0x3 00
 .rodata        0x0000000000080318       0x38 C:\Users\Maeoka\AppData\Local\Temp\ccIFs7ie.ltrans8.ltrans.o
                0x0000000000080318                asStateFuncTbl.2411
 .rodata        0x0000000000080350       0x18 C:\Users\Maeoka\AppData\Local\Temp\ccIFs7ie.ltrans9.ltrans.o
 .rodata        0x0000000000080368       0x9a C:\Users\Maeoka\AppData\Local\Temp\ccIFs7ie.ltrans10.ltrans.o
 .rodata        0x0000000000080402      0x131 C:\Users\Maeoka\AppData\Local\Temp\ccIFs7ie.ltrans11.ltrans.o
 .rodata.str1.1
                0x0000000000000000       0x11 C:\Users\Maeoka\AppData\Local\Temp\ccIFs7ie.ltrans12.ltrans.o
 *fill*         0x0000000000080533        0x1 00
 .rodata        0x0000000000080534        0x8 C:\Users\Maeoka\AppData\Local\Temp\ccIFs7ie.ltrans14.ltrans.o
                0x0000000000080534                au32UartAddrOffset
 .rodata.str1.1
                0x000000000008053c       0x11 C:\Users\Maeoka\AppData\Local\Temp\ccIFs7ie.ltrans15.ltrans.o
 *fill*         0x000000000008054d        0x3 00
 .rodata        0x0000000000080550       0x7c C:\Users\Maeoka\AppData\Local\Temp\ccIFs7ie.ltrans15.ltrans.o
                0x0000000000080584                u32MacLow_TOCOS
                0x0000000000080588                u32MacHigh_TOCOS

.text           0x00000000000805cc     0x9e2e
 *(.text*)
 .text          0x00000000000805cc      0xd84 C:\Users\Maeoka\AppData\Local\Temp\ccIFs7ie.ltrans0.ltrans.o
                0x00000000000805cc                mac_vLPBStopTimer
                0x0000000000080772                vMCPSframeReceived
                0x0000000000080835                ToCoNet_vInit
                0x0000000000080b60                vExpireHead.19681
                0x0000000000080b90                vMicroIntEnableOnly.constprop.61
                0x0000000000080bbc                vMMAC_SetChannelAndPower
                0x0000000000080d65                vPhySetChannel
                0x0000000000080d84                QUEUE__u8RemoveItem
                0x0000000000080dde                vHnd_E_STATE_RUNNING.2386
                0x0000000000081030                QUEUE__vAddItem.constprop.60
                0x0000000000081062                vProcessEvCore.1357
                0x00000000000812fb                vHnd_E_STATE_IDLE.2370
 .text.unlikely
                0x0000000000081350        0xf C:\Users\Maeoka\AppData\Local\Temp\ccIFs7ie.ltrans0.ltrans.o
                0x0000000000081350                u32AppQApiInitInt_PATCH
 *fill*         0x000000000008135f        0x1 00
 .text          0x0000000000081360      0xba0 C:\Users\Maeoka\AppData\Local\Temp\ccIFs7ie.ltrans1.ltrans.o
                0x0000000000081360                eWBRTTxDone.10133
                0x000000000008137e                vTAMCOframeTXgoingIdle
                0x0000000000081397                vTAMCOframeTXcap
                0x00000000000813bb                eWCoRRxDone.10124
                0x0000000000081465                eWBcnRxDone.10136
                0x0000000000081a4e                vTAMCOframeRXcap
                0x0000000000081a60                vTAMCOframeRXgoingIdle
                0x0000000000081a76                vTAMCOframeRXnobeacon
                0x0000000000081a88                vTAMDEframeRX
                0x0000000000081ab0                vTAMDEframeRXtrackingDR
                0x0000000000081af3                vTAMDEframePreSyncReq
                0x0000000000081b0b                vTAMCOframeTXbeacon
                0x0000000000081bd2                vTAMDEframeRXsyncReq
                0x0000000000081e21                vTAMDEint1FiredTrackingCAPgts
                0x0000000000081ed2                eWONTTxDone.10130
 .text          0x0000000000081f00      0x342 C:\Users\Maeoka\AppData\Local\Temp\ccIFs7ie.ltrans2.ltrans.o
                0x0000000000081f00                u32AppApiDefInit
                0x00000000000821db                vProcessEvCoreMac
 .text.unlikely
                0x0000000000082242      0x484 C:\Users\Maeoka\AppData\Local\Temp\ccIFs7ie.ltrans2.ltrans.o
                0x0000000000082242                ToCoNet_vStart
 .text          0x00000000000826c6      0xa84 C:\Users\Maeoka\AppData\Local\Temp\ccIFs7ie.ltrans3.ltrans.o
                0x00000000000826c6                vAHI_IntHandlerTickTimer
                0x000000000008270d                vTACintRXheader
                0x0000000000082f08                SERIAL_bTxChar
                0x0000000000082fb5                vTAMCOint1FiredCAP
                0x0000000000083028                vTAMCOstartBeacon
                0x0000000000083064                vStartStoreValues.12779
                0x000000000008311b                bStartCallback.12808
 .text          0x000000000008314a      0xa86 C:\Users\Maeoka\AppData\Local\Temp\ccIFs7ie.ltrans4.ltrans.o
                0x000000000008315f                mac_vLPBStartTimer
                0x000000000008346a                vTimerCallback.20603
                0x0000000000083475                vProcessEvCoreTx.2347
                0x000000000008355f                vPrintString.4593.constprop.52
                0x00000000000835f2                vPrintInteger.4599.constprop.51
                0x000000000008369a                vAHI_ProtocolPower.constprop.41
                0x00000000000836a8                vMMAC_ConfigureRadio
                0x0000000000083853                bAHI_SetClockRate
                0x000000000008395e                bAES_CCMstar
                0x0000000000083a2a                pvHeap_Alloc
                0x0000000000083a2d                u32AHI_Init
                0x0000000000083aef                vMicroIntRestoreState
                0x0000000000083afb                vAHI_WakeTimerStop.part.3.21288
                0x0000000000083b1b                vAHI_UartSetRTSCTS.part.15.21069
                0x0000000000083b42                vAHI_UartReset.part.4.21042
                0x0000000000083b7a                vAHI_UartSetBaudDivisor.part.1.21022
                0x0000000000083bb9                vAHI_WatchdogStop
 .text.unlikely
                0x0000000000083bd0       0xe8 C:\Users\Maeoka\AppData\Local\Temp\ccIFs7ie.ltrans4.ltrans.o
                0x0000000000083bd0                vAHI_TimerEnable.part.1.20823.constprop.22
                0x0000000000083c3b                vAHI_MemoryHold.20720
                0x0000000000083c80                vAHI_CpuDoze
                0x0000000000083c93                vStartXtal32kExternalRc.20617
                0x0000000000083ca4                vAHI_DioSetDirection
 .text          0x0000000000083cb8      0x891 C:\Users\Maeoka\AppData\Local\Temp\ccIFs7ie.ltrans5.ltrans.o
                0x0000000000083cb8                UART_vHandleUartInterrupt.4454
                0x0000000000083d43                vAppQApiPostHwIntT.3031
                0x0000000000083dc0                vRxChar.4354
                0x0000000000083e46                vXCV_IntHandlerPhy
                0x0000000000083ef8                vScanHandleTimer.9733
                0x0000000000083efd                bAES_CCM_EncodeKey
                0x0000000000083faa                vXCV_IntHandlerBbc
                0x000000000008404d                SERIAL_vTxReady
                0x0000000000084085                u8TAM_AES_WriteAuxilliarySecurityHeaderIntoBuffer
                0x00000000000840f7                u32AHI_ReadIndexSectorBits.constprop.9
                0x0000000000084158                vTAIsetCapTime
                0x0000000000084179                vTAIsetRxEnableTime
                0x000000000008419a                vDoGoActive.16420
                0x00000000000841bc                vTAMRXEint2Fired
                0x00000000000841f2                bAHI_ReadMACID
                0x0000000000084238                vMLMEbeaconNotify
                0x0000000000084396                vTAMRXEsetPhy
                0x0000000000084459                vTAHsetPhyState
                0x0000000000084489                vTAMCOint2Fired
                0x00000000000844a9                vSetPHYfromMacValue.13254
                0x00000000000844db                vTAMDEint1FiredWaitDR
                0x00000000000844e8                vTACsetPHYfromMacValue
                0x0000000000084509                vTAMRXEsetReceiveForPibChange
 .text.unlikely
                0x0000000000084549       0x79 C:\Users\Maeoka\AppData\Local\Temp\ccIFs7ie.ltrans5.ltrans.o
                0x0000000000084549                Delay.20621.constprop.18
 .text          0x00000000000845c2      0xa26 C:\Users\Maeoka\AppData\Local\Temp\ccIFs7ie.ltrans6.ltrans.o
                0x0000000000084722                bAES_CCM_DecodeKey
                0x00000000000847de                bTAM_AES_CCMstarPatch
                0x0000000000084922                bTAM_AES_CCMstarPatch2006
                0x0000000000084c01                bTATsendFrame
                0x0000000000084c54                vTrySendFromDirectCAP.12711
                0x0000000000084c6f                vTrySendFromDirectNoBeacon.12715
                0x0000000000084c9a                vTAMCOint1Fired
                0x0000000000084db6                vTAMCOreqTXnoBeacon
                0x0000000000084dc7                vTAMCOreqTXinCAP
                0x0000000000084dec                vTrySendUnslotted.13256
                0x0000000000084e05                bSendDataRequest.13258
                0x0000000000084f17                bProcessBeaconRX.13261
 .text.unlikely
                0x0000000000084fe8      0x10d C:\Users\Maeoka\AppData\Local\Temp\ccIFs7ie.ltrans6.ltrans.o
                0x0000000000084fe8                bStartXtal32k.20627
 *fill*         0x00000000000850f5        0x3 00
 .text          0x00000000000850f8      0xa24 C:\Users\Maeoka\AppData\Local\Temp\ccIFs7ie.ltrans7.ltrans.o
                0x00000000000850f8                vPostDcfm.10120
                0x00000000000851cc                AppWarmStart
                0x0000000000085242                vSetNextChannel.10168
                0x000000000008529b                MAC_vHandleMlmeReqRsp
                0x0000000000085a49                vTAMDEint1FiredTracking
                0x0000000000085ab8                vTAMDEint1FiredSyncReq
 .text          0x0000000000085b1c      0xb54 C:\Users\Maeoka\AppData\Local\Temp\ccIFs7ie.ltrans8.ltrans.o
                0x0000000000085b1c                TSV_eStart
                0x0000000000085c00                eTAStransmitRequest
                0x0000000000085f9b                TSV_eOpen
                0x0000000000085fa3                vAppApiDefRestoreMacSettings
                0x000000000008608a                vAppApiDefSaveMacSettings
                0x00000000000860e7                mac_vLPBSleep
                0x00000000000861ba                pvAppApiDefGetMacAddrLocation
                0x00000000000861c3                eAppApiDefPlmeGet
                0x0000000000086215                vHnd_E_STATE_PREPARE_TX.2365
 *fill*         0x0000000000086670        0x0 00
 .text          0x0000000000086670      0x96c C:\Users\Maeoka\AppData\Local\Temp\ccIFs7ie.ltrans9.ltrans.o
                0x0000000000086670                vPMICassocReqTO_1.8557
                0x00000000000866f8                vTAM_MCPSdataRequest
                0x000000000008673b                bTACcheckPANconflict
                0x00000000000867f4                vTAMDEstartSync
                0x0000000000086873                eTAMselect
                0x00000000000869b4                MAC_pvCtor
                0x0000000000086ddd                vDeterminePowerState.13378
                0x0000000000086e61                vTAMDEint1FiredTrackingBeacon
                0x0000000000086f01                vTAMDEint2FiredTrackingDR
                0x0000000000086f26                vTAMDEframeTXtrackingDR
                0x0000000000086f7f                vTAMDEint2FiredPollActive
                0x0000000000086fb3                vTAMDEreqTXnullTrackingCAP
                0x0000000000086fcc                vTAM_TxRetryTimer
 .text          0x0000000000086fdc      0xa8d C:\Users\Maeoka\AppData\Local\Temp\ccIFs7ie.ltrans10.ltrans.o
                0x0000000000086fdc                vAHI_IntHandlerAnalogPeriph
                0x0000000000086ffc                vTTIBLETimerExpired
                0x0000000000087007                vACI_CmdWaitBusy
                0x000000000008706b                vACI_OptimisedCcmStar
                0x0000000000087283                vTAIdisableInterrupt
                0x000000000008729c                psRemove.part.0.19676
                0x00000000000872cb                vMAC_MISCpollConfirm
                0x00000000000872fc                MAC_u8AclFindInfo
                0x0000000000087426                vTASretrieveSecurity
                0x0000000000087448                MAC_bLookUpKeyDescriptor.17228
                0x00000000000874c2                u8TSCframeIncrease
                0x00000000000874fb                vTSCpostTransmitUpdate
                0x000000000008752b                vCopyToDataFromMacAddr.17138
                0x000000000008755e                bTSCgetOutgoingInfo
                0x0000000000087667                vDoGoOff.16418
                0x0000000000087681                psTAQsearchFifo
                0x00000000000876ca                bTAQremoveFromFifo
                0x0000000000087707                vTTITransactionTimerExpired
                0x0000000000087730                vTAMinsertEvent
                0x0000000000087796                vTTITimer2Expired
                0x000000000008779a                vTTITimer1Expired
                0x000000000008779e                vTAM_TxRetryTimeout
                0x00000000000877a2                vTACsetTxFrameDefaults
                0x00000000000877c8                u8TACgetHeaderSize
                0x0000000000087805                bUpdateTime.15456
                0x0000000000087840                vTACbuildBeacon
                0x0000000000087a48                u32TACpayloadToU32M
 .text          0x0000000000087a69      0xac0 C:\Users\Maeoka\AppData\Local\Temp\ccIFs7ie.ltrans11.ltrans.o
                0x0000000000087a69                mac_vLPBAdjustBeaconOffset
                0x0000000000087ac6                mac_u32LPBGetBeaconTimeout
                0x0000000000087acf                eWEnDTmrExpiry.10117
                0x0000000000087ada                eWEnDEdDone.10114
                0x0000000000087b35                eGenlDontCare.10111
                0x0000000000087b3a                eGenlIllegal.9736
                0x0000000000087b41                u32GetTimer0
                0x0000000000087b48                vSetTimer0
                0x0000000000087b57                SPRINTF_bPutChar.4616
                0x0000000000087b93                vHandlerPatch.4329
                0x0000000000087bca                u8HwEventHandler.1722
                0x0000000000087be9                vTACu32ToPayloadM
                0x0000000000087c01                bTACframeInProgress
                0x0000000000087c2b                bTACassessBeaconForPayload
                0x0000000000087c7c                bIsBbcSafeForTx
                0x0000000000087cb1                vTATwriteAclMaterialToHardware
                0x0000000000087cd6                vTATsetBLE
                0x0000000000087d0d                vTATgetFramePayload
                0x0000000000087d2a                eTATreadTXstatus
                0x0000000000087d70                vTAHsetPhyStateDirect.part.0.14597
                0x0000000000087d8c                vMEMreturn
                0x0000000000087dfd                vTACinformOriginator
                0x0000000000087e1f                pvMEMget
                0x0000000000087e4b                vTAMDEdetermineNullState
                0x0000000000087e65                vTAMCOupdatePendingList
                0x0000000000087f37                vTAMCOsetCoordinator
                0x0000000000087f5d                eScanHandleEvt.part.0.10147
                0x0000000000087f86                mac_eDcfmIndPost
                0x0000000000087fa7                mac_psDcfmIndGetBuf
                0x0000000000087fc8                vMLMErxEnableConfirm
                0x0000000000087ffa                vMLMEcommStatus
                0x000000000008805d                vMLMEcommStatusFromFrame
                0x00000000000880a1                vMLMEsyncLoss
                0x00000000000880d4                vPMICpostFailedAssocDcfm
                0x000000000008810c                vPMICassocReqTO_2.8564
                0x0000000000088123                MAC_vPibSetPanId
                0x000000000008813e                vHandleTofRequest.6670
                0x0000000000088141                vAppApiDefSetPrbsSeed
                0x0000000000088165                u8CCITT8
                0x000000000008818b                Mac_vInit
                0x00000000000881d7                bAES_CCM_KeyReg
                0x0000000000088216                bFifoPush.3052
                0x000000000008824f                vAppQApiPostMlme.3038
                0x000000000008826e                vAppQApiPostMcps.3045
                0x0000000000088289                pvFifoPull.3049
                0x00000000000882b0                psAppQApiGetMlmeBuffer.3035
                0x00000000000882b8                psAppQApiGetMcpsBuffer.3042
                0x00000000000882c0                ToCoNet_vReg_mod_TxRxQueueMid
                0x0000000000088341                PRSEV_vSetState
                0x0000000000088351                PRSEV_u8Register
                0x0000000000088383                PRSEV_vProcessEv_core.1518
                0x000000000008841f                PRSEV_vProcessEvPost
                0x0000000000088451                _PRSEV_vProcessEvSingle
                0x000000000008845e                vHnd_E_STATE_FINISH_TX_FAIL.2355
 .text.unlikely
                0x0000000000088529        0xf C:\Users\Maeoka\AppData\Local\Temp\ccIFs7ie.ltrans11.ltrans.o
                0x0000000000088529                _PRSEV_vProcessEvSingleH
 .text          0x0000000000088538      0x6ea C:\Users\Maeoka\AppData\Local\Temp\ccIFs7ie.ltrans12.ltrans.o
                0x0000000000088538                ToCoNet_vMain
                0x0000000000088b8e                ToCoNet_ChMgr_vCh_TxFin
                0x0000000000088bbb                vHnd_E_STATE_WAIT_TX.2378
 *fill*         0x0000000000088c22        0x2 00
 .text          0x0000000000088c24      0x780 C:\Users\Maeoka\AppData\Local\Temp\ccIFs7ie.ltrans13.ltrans.o
                0x0000000000088c24                eGenTmrExpiry.10429
                0x0000000000088c66                eWEDTEdDone.10432
                0x0000000000088c8a                TSV_eStop
                0x0000000000088d48                bPMICdisassocReqSent.8553
                0x0000000000088e02                MAC_vHandleMcpsReqRsp
                0x0000000000088e8f                bMCPSframeTXcomplete.11164
                0x0000000000088ee4                bSendSyncLoss.15391
                0x0000000000088efc                bPollReqSent.18987
                0x0000000000088f14                bTASsendCommStatusInd
                0x0000000000088f29                bAssocRespSent.8549
                0x0000000000088f3c                eTACprocessFrameTXcomplete
                0x00000000000890b9                vTAMCOframeTXnobeacon
                0x00000000000890ce                vTAMCOframeStarting
                0x00000000000890e7                vTAMDEframeTXDEnull
                0x000000000008910a                vTAMDEframeTXtrackingCAPgts
                0x0000000000089136                bPMICassocReqSent.8545
                0x00000000000891b8                bPMICassocReqPollSent.8560
                0x000000000008920c                eWChCChanChgd.10144
 .text          0x00000000000893a4      0x676 C:\Users\Maeoka\AppData\Local\Temp\ccIFs7ie.ltrans14.ltrans.o
                0x00000000000893a4                vHnd_E_STATE_FINISH_TX_SUCCESS.2360
                0x000000000008944d                eGenRxHdrDone.10127
                0x000000000008945d                eAppApiDefPlmeSet
                0x00000000000894ce                _ToCoNet_bRfChChannel
                0x0000000000089535                ToCoNet_ChMgr_bCh_Reconfig
                0x000000000008959d                vAppApiDefMcpsRequest
                0x00000000000895c8                vAppApiDefMlmeRequest
                0x00000000000895f3                pvAppApiDefGetMacHandle
                0x00000000000895fc                cbAppColdStart.part.1.1373
 .text.unlikely
                0x0000000000089a1a       0x1d C:\Users\Maeoka\AppData\Local\Temp\ccIFs7ie.ltrans14.ltrans.o
                0x0000000000089a1a                Mac_vReset
 .text          0x0000000000089a37      0x551 C:\Users\Maeoka\AppData\Local\Temp\ccIFs7ie.ltrans15.ltrans.o
                0x0000000000089a37                AppColdStart
 .text          0x0000000000089f88       0x25 c:/mwsdk/tools/ba-elf-ba2-r36379/bin/../lib/gcc/ba-elf/4.7.4/../../../../ba-elf/lib/mcpu_jn51xx_sizeopt\libc.a(lib_a-memcmp.o)
                0x0000000000089f88                memcmp
 .text          0x0000000000089fad       0x19 c:/mwsdk/tools/ba-elf-ba2-r36379/bin/../lib/gcc/ba-elf/4.7.4/../../../../ba-elf/lib/mcpu_jn51xx_sizeopt\libc.a(lib_a-memcpy.o)
 .text          0x0000000000089fc6       0x12 c:/mwsdk/tools/ba-elf-ba2-r36379/bin/../lib/gcc/ba-elf/4.7.4/../../../../ba-elf/lib/mcpu_jn51xx_sizeopt\libc.a(lib_a-memset.o)
                0x0000000000089fc6                memset
 .text          0x0000000000089fd8      0x204 c:/mwsdk/tools/ba-elf-ba2-r36379/bin/../lib/gcc/ba-elf/4.7.4/mcpu_jn51xx_sizeopt\libgcc.a(__udivsi3.o)
                0x0000000000089fd8                __udivsi3
 .text          0x000000000008a1dc       0x30 c:/mwsdk/tools/ba-elf-ba2-r36379/bin/../lib/gcc/ba-elf/4.7.4/mcpu_jn51xx_sizeopt\libgcc.a(__divsi3.o)
                0x000000000008a1dc                __divsi3
 .text          0x000000000008a20c      0x1b0 c:/mwsdk/tools/ba-elf-ba2-r36379/bin/../lib/gcc/ba-elf/4.7.4/mcpu_jn51xx_sizeopt\libgcc.a(__umodsi3.o)
                0x000000000008a20c                __umodsi3
 .text          0x000000000008a3bc       0x27 c:/MWSDK/ChipLib/SW4063V1416/Components/Library\libHardwareApi_JN5169.a(AHI_Interrupt.o)
                0x000000000008a3bc                vAHI_InterruptSetPriority
                0x000000000008a3da                vAHI_InterruptSetActivePriorityLevel
 .text.vMicroSyscall
                0x000000000008a3e3       0x17 c:/MWSDK/ChipLib/SW4063V1416/Components/Library\libMicroSpecific_JN516x.a(MicroSyscall_ba.o)
                0x000000000008a3e3                vMicroSyscall
                0x000000000008a3fa                _flash_end = ABSOLUTE (.)

.rela.dyn       0x000000000008a3fc        0x0
 .rela.text     0x0000000000000000        0x0 C:\Users\Maeoka\AppData\Local\Temp\ccIFs7ie.ltrans0.ltrans.o
 .rela.text.unlikely
                0x0000000000000000        0x0 C:\Users\Maeoka\AppData\Local\Temp\ccIFs7ie.ltrans0.ltrans.o
 .rela.rodata   0x0000000000000000        0x0 C:\Users\Maeoka\AppData\Local\Temp\ccIFs7ie.ltrans0.ltrans.o
 .rela.data     0x0000000000000000        0x0 C:\Users\Maeoka\AppData\Local\Temp\ccIFs7ie.ltrans0.ltrans.o
                0x000000000400004c                . = ORIGIN (ram)

.data           0x000000000400004c       0x10 load address 0x000000000008a3fc
                0x000000000400004c                _ram_data_start = ABSOLUTE (.)
 *(.data*)
 .data          0x000000000400004c        0x2 C:\Users\Maeoka\AppData\Local\Temp\ccIFs7ie.ltrans0.ltrans.o
 *fill*         0x000000000400004e        0x2 00
 .data          0x0000000004000050        0x8 C:\Users\Maeoka\AppData\Local\Temp\ccIFs7ie.ltrans4.ltrans.o
                0x0000000004000050                u32HeapStart
 .data          0x0000000004000058        0x1 C:\Users\Maeoka\AppData\Local\Temp\ccIFs7ie.ltrans8.ltrans.o
                0x0000000004000058                u8TxWkrNow.2488
 .data          0x0000000004000059        0x1 C:\Users\Maeoka\AppData\Local\Temp\ccIFs7ie.ltrans9.ltrans.o
 .data.initinboot
                0x000000000400005a        0x1 C:\Users\Maeoka\AppData\Local\Temp\ccIFs7ie.ltrans9.ltrans.o
                0x000000000400005a                gMAC_u8MaxBuffers
 *(.data.*)
                0x000000000400005c                . = ALIGN (0x4)
 *fill*         0x000000000400005b        0x1 00
                0x000000000400005c                _ram_data_end = ABSOLUTE (.)

.bss            0x000000000400005c     0x19c4 load address 0x000000000008a40c
                0x000000000400005c                _bss_start = ABSOLUTE (.)
 *(.bss*)
 .bss           0x000000000400005c      0x744 C:\Users\Maeoka\AppData\Local\Temp\ccIFs7ie.ltrans0.ltrans.o
                0x000000000400005c                bForceInitialize.2447
                0x0000000004000060                prApAppCallback.20466
                0x0000000004000064                prSpiAppCallback.20591
                0x0000000004000068                prSiAppCallback.21808
                0x000000000400006c                prAppMcpsCallback.3274
                0x0000000004000070                prAppMlmeCallback.3275
                0x0000000004000074                TxWorker_u8Num.2446
 .bss.initinboot
                0x00000000040007a0        0x4 C:\Users\Maeoka\AppData\Local\Temp\ccIFs7ie.ltrans0.ltrans.o
                0x00000000040007a0                prSysCtrlAppCallback.20799
 .bss           0x00000000040007a4       0x40 C:\Users\Maeoka\AppData\Local\Temp\ccIFs7ie.ltrans1.ltrans.o
                0x00000000040007a4                g_sLP
                0x00000000040007e0                g_pvMac
 .bss.initinboot
                0x00000000040007e4      0x1c0 C:\Users\Maeoka\AppData\Local\Temp\ccIFs7ie.ltrans1.ltrans.o
                0x00000000040007e4                g_sMac
 .bss           0x00000000040009a4      0x170 C:\Users\Maeoka\AppData\Local\Temp\ccIFs7ie.ltrans2.ltrans.o
                0x00000000040009a4                g_sXcv
                0x00000000040009a8                prMcpsRequest.5558
                0x00000000040009ac                prMlmeRequest.5557
                0x00000000040009b0                prOriginalHandler.4333
                0x00000000040009b4                psRxQueueList.4199
                0x00000000040009c8                prTickTimeAppCallback
                0x00000000040009cc                apfTimerAppCallback.21008
                0x00000000040009e0                au16TimerSettings.20957
                0x00000000040009ec                asEventHandler.1581
                0x0000000004000a6c                sEvVars
                0x0000000004000a88                u32TickCount_ms
                0x0000000004000a8c                au8Txdatabuff_idx_sTxQueue
                0x0000000004000a90                u8TxBuffSiz_sTxQueue
                0x0000000004000a94                sTxdatabuff_sTxQueue
                0x0000000004000a98                sTxQueue
                0x0000000004000ab4                au8Rxdatabuff_idx_sRxQueue
                0x0000000004000ab8                u8RxBuffSiz_sRxQueue
                0x0000000004000abc                sRxdatabuff_sRxQueue
                0x0000000004000ac0                sRxQueue
                0x0000000004000adc                au8Rxdatabuff_idx_sRxQueueCmd
                0x0000000004000ae0                u8RxBuffSiz_sRxQueueCmd
                0x0000000004000ae4                sRxdatabuff_sRxQueueCmd
                0x0000000004000ae8                sRxQueueCmd.2019
 .bss           0x0000000004000b14        0x8 C:\Users\Maeoka\AppData\Local\Temp\ccIFs7ie.ltrans3.ltrans.o
 .bss           0x0000000004000b1c        0x4 C:\Users\Maeoka\AppData\Local\Temp\ccIFs7ie.ltrans4.ltrans.o
 .bss.dontinitinboot
                0x0000000004000b20        0x4 C:\Users\Maeoka\AppData\Local\Temp\ccIFs7ie.ltrans4.ltrans.o
 .bss           0x0000000004000b24       0x24 C:\Users\Maeoka\AppData\Local\Temp\ccIFs7ie.ltrans5.ltrans.o
                0x0000000004000b24                bTxEventQueued.16286
                0x0000000004000b25                u8TxEventStatus.16287
                0x0000000004000b28                sAppHousekeeping
                0x0000000004000b40                prAppHwCallback.3276
                0x0000000004000b44                gbTimeOutFlag.20795
 .bss.dontinitinboot
                0x0000000004000b48        0x1 C:\Users\Maeoka\AppData\Local\Temp\ccIFs7ie.ltrans6.ltrans.o
 *fill*         0x0000000004000b49        0x3 00
 .bss           0x0000000004000b4c       0x70 C:\Users\Maeoka\AppData\Local\Temp\ccIFs7ie.ltrans7.ltrans.o
                0x0000000004000b4c                sToCoNet_AppContext
                0x0000000004000b68                sToCoNet_Context
                0x0000000004000bac                sAssocSecurity.9174
                0x0000000004000bb8                g_bJenieBackwardsCompatibilityMode
 .bss           0x0000000004000bbc       0x34 C:\Users\Maeoka\AppData\Local\Temp\ccIFs7ie.ltrans8.ltrans.o
                0x0000000004000bbc                sCh_Context.2909
                0x0000000004000bc0                u8AppId_Pkt_head.4202
                0x0000000004000bc4                u32MyAddr.4201
                0x0000000004000bc8                u32AppId.4198
                0x0000000004000bcc                asTx.2445
 .bss.initinboot
                0x0000000004000bf0        0x1 C:\Users\Maeoka\AppData\Local\Temp\ccIFs7ie.ltrans8.ltrans.o
 *fill*         0x0000000004000bf1        0x3 00
 .bss           0x0000000004000bf4        0x4 C:\Users\Maeoka\AppData\Local\Temp\ccIFs7ie.ltrans9.ltrans.o
                0x0000000004000bf4                i8TxPower.11964
 .bss.initinboot
                0x0000000004000bf8        0x8 C:\Users\Maeoka\AppData\Local\Temp\ccIFs7ie.ltrans9.ltrans.o
                0x0000000004000bf8                g_u32MacAddrLocation
                0x0000000004000bfc                prvUserTxStartedCallback
 .bss           0x0000000004000c00        0x1 C:\Users\Maeoka\AppData\Local\Temp\ccIFs7ie.ltrans10.ltrans.o
                0x0000000004000c00                u8TAM_TxStatusOverride
 *fill*         0x0000000004000c01        0x3 00
 .bss           0x0000000004000c04      0xb04 C:\Users\Maeoka\AppData\Local\Temp\ccIFs7ie.ltrans11.ltrans.o
 .bss           0x0000000004001708       0x74 C:\Users\Maeoka\AppData\Local\Temp\ccIFs7ie.ltrans12.ltrans.o
                0x0000000004001708                sMcpsIndQueue.3270
                0x0000000004001718                bRxQueue_Init.4200
                0x000000000400171c                sMcpsIndBufferQueue.3268
                0x000000000400172c                sMlmeIndQueue.3271
                0x000000000400173c                sMlmeIndBufferQueue.3269
                0x000000000400174c                sHwIndQueue.3272
                0x000000000400175c                adcMin
                0x0000000004001760                adcMax
                0x0000000004001764                sHwIndBufferQueue.3273
 .bss           0x000000000400177c       0x14 C:\Users\Maeoka\AppData\Local\Temp\ccIFs7ie.ltrans13.ltrans.o
                0x000000000400177c                s_sTimerList
                0x000000000400178c                u8AssocResponsesInProgress.9173
 .bss           0x0000000004001790      0x1b4 C:\Users\Maeoka\AppData\Local\Temp\ccIFs7ie.ltrans14.ltrans.o
                0x0000000004001790                t0
                0x0000000004001794                prUart1AppCallback.21263
                0x0000000004001798                prUart0AppCallback.21262
                0x000000000400179c                asUARTS.4498
                0x00000000040017bc                sOpt.4505
                0x00000000040017cc                asSerialPorts
                0x0000000004001804                au8sprintf.4662
                0x0000000004001808                SPRINTF_MAX_BUFF.4664
                0x000000000400180c                sSerStream.1455
 .bss           0x0000000004001944       0x9c C:\Users\Maeoka\AppData\Local\Temp\ccIFs7ie.ltrans15.ltrans.o
                0x0000000004001944                sContext.4323
                0x0000000004001970                TWENET_u8RFdevice_minor.3627
                0x0000000004001971                TWENET_u8RFdevice_major.3626
                0x0000000004001972                _TWENET_TX_POWER_MAX
                0x0000000004001974                sToCoNet_Modules
 .bss.dontinitinboot
                0x00000000040019e0       0x40 c:/MWSDK/ChipLib/SW4063V1416/Components/Library\libBoot_JN516x.a(ExceptionHandler.o)
                0x00000000040019e0                isr_handlers
 *(.bss.*)
 *(.scommon*)
 *(.scommon.*)
 *(COMMON)
                0x0000000004001a20                . = ALIGN (0x4)
                0x0000000004001a20                _bss_end = ABSOLUTE (.)
                0x0000000004001a20                end = .

.heap           0x0000000004001a20      0xd16 load address 0x000000000008bdd0
                0x0000000004001a20                _heap_start = ABSOLUTE (.)
                0x0000000004002736                . = (. + __minimum_heap_size)
 *fill*         0x0000000004001a20      0xd16 00

.stack          0x0000000004007800      0x800 load address 0x0000000000091bb0
                0x0000000004007800                _heap_end = ABSOLUTE (.)
                0x0000000004007800                _stack_low_water_mark = ABSOLUTE (.)
                0x0000000004008000                . = (. + __stack_size)
 *fill*         0x0000000004007800      0x800 00
                0x0000000004008000                _stack = .

.test           0x000000000008a40c        0x1
                0x000000000008a40c        0x1 BYTE 0xff
                0x000000000008a3fc                _flash_data_start = LOADADDR (.data)
                0x0000000000000010                _ram_data_len = (((_ram_data_end - _ram_data_start) + 0x3) & 0xfffffffffffffffc)
                0x00000000000019c4                _bss_len = (((_bss_end - _bss_start) + 0x3) & 0xfffffffffffffffc)
                0x000000000000a40c                _image_len = ((((_flash_end - _flash_start) + _ram_data_len) + 0x3) & 0xfffffffffffffffc)
                0x0000000004008000                _ram_top = (ABSOLUTE (ORIGIN (ram)) + 0x7fb4)
                0x0000000004008000                ram_top = (ABSOLUTE (ORIGIN (ram)) + 0x7fb4)
                0x0000000001001580                _app_ram_start = 0x1001580
                0x0000000004000050                PROVIDE (_heap_location, u32HeapStart)
                0x0000000004000050                PROVIDE (heap_location, u32HeapStart)
                0x0000000000085f9b                TSV_eOpenVector = TSV_eOpen
                0x0000000000085b1c                TSV_eStartVector = TSV_eStart
                0x0000000000088c8a                TSV_eStopVector = TSV_eStop
                0x00000000000895f3                pvAppApiGetMacHandle = pvAppApiDefGetMacHandle
                0x0000000000081f00                u32AppApiInit = u32AppApiDefInit
                0x00000000000895c8                vAppApiMlmeRequest = vAppApiDefMlmeRequest
                0x000000000008959d                vAppApiMcpsRequest = vAppApiDefMcpsRequest
                0x000000000008945d                eAppApiPlmeSet = eAppApiDefPlmeSet
                0x00000000000861c3                eAppApiPlmeGet = eAppApiDefPlmeGet
                0x00000000000861ba                pvAppApiGetMacAddrLocation = pvAppApiDefGetMacAddrLocation
                0x000000000008608a                vAppApiSaveMacSettings = vAppApiDefSaveMacSettings
                0x0000000000085fa3                vAppApiRestoreMacSettings = vAppApiDefRestoreMacSettings
OUTPUT(objs_RED/TX-Time_Main_RED_L1200_V0-1-1.elf elf32-ba)

.comment        0x0000000000000000       0x11
 .comment       0x0000000000000000       0x12 C:\Users\Maeoka\AppData\Local\Temp\ccIFs7ie.ltrans0.ltrans.o
 .comment       0x0000000000000000       0x12 C:\Users\Maeoka\AppData\Local\Temp\ccIFs7ie.ltrans1.ltrans.o
 .comment       0x0000000000000000       0x12 C:\Users\Maeoka\AppData\Local\Temp\ccIFs7ie.ltrans2.ltrans.o
 .comment       0x0000000000000000       0x12 C:\Users\Maeoka\AppData\Local\Temp\ccIFs7ie.ltrans3.ltrans.o
 .comment       0x0000000000000000       0x12 C:\Users\Maeoka\AppData\Local\Temp\ccIFs7ie.ltrans4.ltrans.o
 .comment       0x0000000000000000       0x12 C:\Users\Maeoka\AppData\Local\Temp\ccIFs7ie.ltrans5.ltrans.o
 .comment       0x0000000000000000       0x12 C:\Users\Maeoka\AppData\Local\Temp\ccIFs7ie.ltrans6.ltrans.o
 .comment       0x0000000000000000       0x12 C:\Users\Maeoka\AppData\Local\Temp\ccIFs7ie.ltrans7.ltrans.o
 .comment       0x0000000000000000       0x12 C:\Users\Maeoka\AppData\Local\Temp\ccIFs7ie.ltrans8.ltrans.o
 .comment       0x0000000000000000       0x12 C:\Users\Maeoka\AppData\Local\Temp\ccIFs7ie.ltrans9.ltrans.o
 .comment       0x0000000000000000       0x12 C:\Users\Maeoka\AppData\Local\Temp\ccIFs7ie.ltrans10.ltrans.o
 .comment       0x0000000000000000       0x12 C:\Users\Maeoka\AppData\Local\Temp\ccIFs7ie.ltrans11.ltrans.o
 .comment       0x0000000000000000       0x12 C:\Users\Maeoka\AppData\Local\Temp\ccIFs7ie.ltrans12.ltrans.o
 .comment       0x0000000000000000       0x12 C:\Users\Maeoka\AppData\Local\Temp\ccIFs7ie.ltrans13.ltrans.o
 .comment       0x0000000000000000       0x12 C:\Users\Maeoka\AppData\Local\Temp\ccIFs7ie.ltrans14.ltrans.o
 .comment       0x0000000000000000       0x12 C:\Users\Maeoka\AppData\Local\Temp\ccIFs7ie.ltrans15.ltrans.o
 .comment       0x0000000000000000       0x12 c:/mwsdk/tools/ba-elf-ba2-r36379/bin/../lib/gcc/ba-elf/4.7.4/../../../../ba-elf/lib/mcpu_jn51xx_sizeopt\libc.a(lib_a-memcmp.o)
 .comment       0x0000000000000000       0x12 c:/mwsdk/tools/ba-elf-ba2-r36379/bin/../lib/gcc/ba-elf/4.7.4/../../../../ba-elf/lib/mcpu_jn51xx_sizeopt\libc.a(lib_a-memcpy.o)
 .comment       0x0000000000000000       0x12 c:/mwsdk/tools/ba-elf-ba2-r36379/bin/../lib/gcc/ba-elf/4.7.4/../../../../ba-elf/lib/mcpu_jn51xx_sizeopt\libc.a(lib_a-memset.o)
 .comment       0x0000000000000000       0x11 c:/MWSDK/ChipLib/SW4063V1416/Components/Library\libMicroSpecific_JN516x.a(MicroSyscall_ba.o)
                                         0x12 (size before relaxing)

.debug_info     0x0000000000000000      0x596
 .debug_info    0x0000000000000000       0xf3 c:/mwsdk/tools/ba-elf-ba2-r36379/bin/../lib/gcc/ba-elf/4.7.4/../../../../ba-elf/lib/mcpu_jn51xx_sizeopt\libc.a(lib_a-memcmp.o)
 .debug_info    0x00000000000000f3      0x106 c:/mwsdk/tools/ba-elf-ba2-r36379/bin/../lib/gcc/ba-elf/4.7.4/../../../../ba-elf/lib/mcpu_jn51xx_sizeopt\libc.a(lib_a-memcpy.o)
 .debug_info    0x00000000000001f9       0xd7 c:/mwsdk/tools/ba-elf-ba2-r36379/bin/../lib/gcc/ba-elf/4.7.4/../../../../ba-elf/lib/mcpu_jn51xx_sizeopt\libc.a(lib_a-memset.o)
 .debug_info    0x00000000000002d0       0xb4 c:/mwsdk/tools/ba-elf-ba2-r36379/bin/../lib/gcc/ba-elf/4.7.4/mcpu_jn51xx_sizeopt\libgcc.a(__udivsi3.o)
 .debug_info    0x0000000000000384       0xb4 c:/mwsdk/tools/ba-elf-ba2-r36379/bin/../lib/gcc/ba-elf/4.7.4/mcpu_jn51xx_sizeopt\libgcc.a(__divsi3.o)
 .debug_info    0x0000000000000438       0xb4 c:/mwsdk/tools/ba-elf-ba2-r36379/bin/../lib/gcc/ba-elf/4.7.4/mcpu_jn51xx_sizeopt\libgcc.a(__umodsi3.o)
 .debug_info    0x00000000000004ec       0xaa c:/MWSDK/ChipLib/SW4063V1416/Components/Library\libBoot_JN516x.a(ExceptionHandler.o)

.debug_abbrev   0x0000000000000000      0x210
 .debug_abbrev  0x0000000000000000       0x8e c:/mwsdk/tools/ba-elf-ba2-r36379/bin/../lib/gcc/ba-elf/4.7.4/../../../../ba-elf/lib/mcpu_jn51xx_sizeopt\libc.a(lib_a-memcmp.o)
 .debug_abbrev  0x000000000000008e       0xa4 c:/mwsdk/tools/ba-elf-ba2-r36379/bin/../lib/gcc/ba-elf/4.7.4/../../../../ba-elf/lib/mcpu_jn51xx_sizeopt\libc.a(lib_a-memcpy.o)
 .debug_abbrev  0x0000000000000132       0x8e c:/mwsdk/tools/ba-elf-ba2-r36379/bin/../lib/gcc/ba-elf/4.7.4/../../../../ba-elf/lib/mcpu_jn51xx_sizeopt\libc.a(lib_a-memset.o)
 .debug_abbrev  0x00000000000001c0       0x14 c:/mwsdk/tools/ba-elf-ba2-r36379/bin/../lib/gcc/ba-elf/4.7.4/mcpu_jn51xx_sizeopt\libgcc.a(__udivsi3.o)
 .debug_abbrev  0x00000000000001d4       0x14 c:/mwsdk/tools/ba-elf-ba2-r36379/bin/../lib/gcc/ba-elf/4.7.4/mcpu_jn51xx_sizeopt\libgcc.a(__divsi3.o)
 .debug_abbrev  0x00000000000001e8       0x14 c:/mwsdk/tools/ba-elf-ba2-r36379/bin/../lib/gcc/ba-elf/4.7.4/mcpu_jn51xx_sizeopt\libgcc.a(__umodsi3.o)
 .debug_abbrev  0x00000000000001fc       0x14 c:/MWSDK/ChipLib/SW4063V1416/Components/Library\libBoot_JN516x.a(ExceptionHandler.o)

.debug_loc      0x0000000000000000       0xeb
 .debug_loc     0x0000000000000000       0x73 c:/mwsdk/tools/ba-elf-ba2-r36379/bin/../lib/gcc/ba-elf/4.7.4/../../../../ba-elf/lib/mcpu_jn51xx_sizeopt\libc.a(lib_a-memcmp.o)
 .debug_loc     0x0000000000000073       0x39 c:/mwsdk/tools/ba-elf-ba2-r36379/bin/../lib/gcc/ba-elf/4.7.4/../../../../ba-elf/lib/mcpu_jn51xx_sizeopt\libc.a(lib_a-memcpy.o)
 .debug_loc     0x00000000000000ac       0x3f c:/mwsdk/tools/ba-elf-ba2-r36379/bin/../lib/gcc/ba-elf/4.7.4/../../../../ba-elf/lib/mcpu_jn51xx_sizeopt\libc.a(lib_a-memset.o)

.debug_aranges  0x0000000000000000       0xe0
 .debug_aranges
                0x0000000000000000       0x20 c:/mwsdk/tools/ba-elf-ba2-r36379/bin/../lib/gcc/ba-elf/4.7.4/../../../../ba-elf/lib/mcpu_jn51xx_sizeopt\libc.a(lib_a-memcmp.o)
 .debug_aranges
                0x0000000000000020       0x20 c:/mwsdk/tools/ba-elf-ba2-r36379/bin/../lib/gcc/ba-elf/4.7.4/../../../../ba-elf/lib/mcpu_jn51xx_sizeopt\libc.a(lib_a-memcpy.o)
 .debug_aranges
                0x0000000000000040       0x20 c:/mwsdk/tools/ba-elf-ba2-r36379/bin/../lib/gcc/ba-elf/4.7.4/../../../../ba-elf/lib/mcpu_jn51xx_sizeopt\libc.a(lib_a-memset.o)
 .debug_aranges
                0x0000000000000060       0x20 c:/mwsdk/tools/ba-elf-ba2-r36379/bin/../lib/gcc/ba-elf/4.7.4/mcpu_jn51xx_sizeopt\libgcc.a(__udivsi3.o)
 .debug_aranges
                0x0000000000000080       0x20 c:/mwsdk/tools/ba-elf-ba2-r36379/bin/../lib/gcc/ba-elf/4.7.4/mcpu_jn51xx_sizeopt\libgcc.a(__divsi3.o)
 .debug_aranges
                0x00000000000000a0       0x20 c:/mwsdk/tools/ba-elf-ba2-r36379/bin/../lib/gcc/ba-elf/4.7.4/mcpu_jn51xx_sizeopt\libgcc.a(__umodsi3.o)
 .debug_aranges
                0x00000000000000c0       0x20 c:/MWSDK/ChipLib/SW4063V1416/Components/Library\libBoot_JN516x.a(ExceptionHandler.o)

.debug_line     0x0000000000000000      0xe6e
 .debug_line    0x0000000000000000      0x154 c:/mwsdk/tools/ba-elf-ba2-r36379/bin/../lib/gcc/ba-elf/4.7.4/../../../../ba-elf/lib/mcpu_jn51xx_sizeopt\libc.a(lib_a-memcmp.o)
 .debug_line    0x0000000000000154      0x148 c:/mwsdk/tools/ba-elf-ba2-r36379/bin/../lib/gcc/ba-elf/4.7.4/../../../../ba-elf/lib/mcpu_jn51xx_sizeopt\libc.a(lib_a-memcpy.o)
 .debug_line    0x000000000000029c      0x13e c:/mwsdk/tools/ba-elf-ba2-r36379/bin/../lib/gcc/ba-elf/4.7.4/../../../../ba-elf/lib/mcpu_jn51xx_sizeopt\libc.a(lib_a-memset.o)
 .debug_line    0x00000000000003da      0x47b c:/mwsdk/tools/ba-elf-ba2-r36379/bin/../lib/gcc/ba-elf/4.7.4/mcpu_jn51xx_sizeopt\libgcc.a(__udivsi3.o)
 .debug_line    0x0000000000000855       0xbb c:/mwsdk/tools/ba-elf-ba2-r36379/bin/../lib/gcc/ba-elf/4.7.4/mcpu_jn51xx_sizeopt\libgcc.a(__divsi3.o)
 .debug_line    0x0000000000000910      0x3c7 c:/mwsdk/tools/ba-elf-ba2-r36379/bin/../lib/gcc/ba-elf/4.7.4/mcpu_jn51xx_sizeopt\libgcc.a(__umodsi3.o)
 .debug_line    0x0000000000000cd7      0x197 c:/MWSDK/ChipLib/SW4063V1416/Components/Library\libBoot_JN516x.a(ExceptionHandler.o)

.debug_str      0x0000000000000000      0x1bf
 .debug_str     0x0000000000000000      0x119 c:/mwsdk/tools/ba-elf-ba2-r36379/bin/../lib/gcc/ba-elf/4.7.4/../../../../ba-elf/lib/mcpu_jn51xx_sizeopt\libc.a(lib_a-memcmp.o)
                                        0x152 (size before relaxing)
 .debug_str     0x0000000000000119       0x5d c:/mwsdk/tools/ba-elf-ba2-r36379/bin/../lib/gcc/ba-elf/4.7.4/../../../../ba-elf/lib/mcpu_jn51xx_sizeopt\libc.a(lib_a-memcpy.o)
                                        0x166 (size before relaxing)
 .debug_str     0x0000000000000176       0x49 c:/mwsdk/tools/ba-elf-ba2-r36379/bin/../lib/gcc/ba-elf/4.7.4/../../../../ba-elf/lib/mcpu_jn51xx_sizeopt\libc.a(lib_a-memset.o)
                                        0x152 (size before relaxing)

.debug_frame    0x0000000000000000       0x60
 .debug_frame   0x0000000000000000       0x20 c:/mwsdk/tools/ba-elf-ba2-r36379/bin/../lib/gcc/ba-elf/4.7.4/../../../../ba-elf/lib/mcpu_jn51xx_sizeopt\libc.a(lib_a-memcmp.o)
 .debug_frame   0x0000000000000020       0x20 c:/mwsdk/tools/ba-elf-ba2-r36379/bin/../lib/gcc/ba-elf/4.7.4/../../../../ba-elf/lib/mcpu_jn51xx_sizeopt\libc.a(lib_a-memcpy.o)
 .debug_frame   0x0000000000000040       0x20 c:/mwsdk/tools/ba-elf-ba2-r36379/bin/../lib/gcc/ba-elf/4.7.4/../../../../ba-elf/lib/mcpu_jn51xx_sizeopt\libc.a(lib_a-memset.o)
